{"level":"info","component":"srv","script":"SELECT * FROM rgd.2018_01_1;","time":"2025-09-30T08:49:10.946021706Z","message":"catch new script"}
{"level":"info","component":"app","time":"2025-09-30T08:49:20.20568957Z","message":"turning down the server"}
{"level":"info","component":"srv","script":"SELECT * FROM rgd.2018_01_1;","time":"2025-09-30T08:54:30.755647518Z","message":"catch new script"}
{"level":"info","component":"app","time":"2025-09-30T08:54:50.067360858Z","message":"turning down the server"}
{"level":"debug","component":"app","evt":"loggers are successful setted","time":"2025-09-30T08:56:01.776541506Z"}
{"level":"debug","component":"app","time":"2025-09-30T08:56:02.269904739Z","message":"Init interfaces: Service, RSLAPI, Handler"}
{"level":"info","component":"srv","script":"SELECT * FROM rgd.2018_01_1;","time":"2025-09-30T08:56:06.728641525Z","message":"catch new script"}
{"level":"debug","component":"db","evt":"ExecQuery","Query":"SELECT * FROM rgd.2018_01_1;","time":"2025-09-30T08:56:06.72925333Z"}
{"level":"debug","component":"db","time":"2025-09-30T08:56:07.343468938Z","message":"ping ok"}
{"level":"debug","component":"db","time":"2025-09-30T08:56:12.354841625Z","message":"ping ok"}
{"level":"debug","component":"db","time":"2025-09-30T08:56:17.353131926Z","message":"ping ok"}
{"level":"debug","component":"db","time":"2025-09-30T08:56:22.346533927Z","message":"ping ok"}
{"level":"debug","component":"db","time":"2025-09-30T08:56:27.344403909Z","message":"ping ok"}
{"level":"debug","component":"db","time":"2025-09-30T08:56:31.085358624Z","message":"ping ok"}
{"level":"debug","component":"db","time":"2025-09-30T08:56:36.102737288Z","message":"ping ok"}
{"level":"debug","component":"db","time":"2025-09-30T08:56:41.079812065Z","message":"ping ok"}
{"level":"debug","component":"db","time":"2025-09-30T08:56:46.080809519Z","message":"ping ok"}
{"level":"debug","component":"db","time":"2025-09-30T08:56:51.078514256Z","message":"ping ok"}
{"level":"info","component":"app","time":"2025-09-30T08:56:55.221716047Z","message":"turning down the server"}
{"level":"debug","component":"app","evt":"loggers are successful setted","time":"2025-09-30T08:56:57.479347823Z"}
{"level":"debug","component":"app","time":"2025-09-30T08:56:57.981465637Z","message":"Init interfaces: Service, RSLAPI, Handler"}
{"level":"info","component":"srv","script":"SELECT * FROM rgd.2018_01_1;","time":"2025-09-30T08:57:00.804975251Z","message":"catch new script"}
{"level":"debug","component":"db","evt":"ExecQuery","Query":"SELECT * FROM rgd.2018_01_1;","time":"2025-09-30T08:57:00.805621626Z"}
{"level":"debug","component":"db","time":"2025-09-30T08:57:01.876484512Z","message":"ping ok"}
{"level":"debug","component":"db","time":"2025-09-30T08:57:06.884341977Z","message":"ping ok"}
{"level":"debug","component":"db","time":"2025-09-30T08:57:11.884105077Z","message":"ping ok"}
{"level":"debug","component":"db","time":"2025-09-30T08:57:16.885548029Z","message":"ping ok"}
{"level":"debug","component":"db","time":"2025-09-30T08:57:21.880896833Z","message":"ping ok"}
{"level":"debug","component":"db","time":"2025-09-30T08:57:26.879304574Z","message":"ping ok"}
{"level":"debug","component":"db","time":"2025-09-30T08:57:31.889925425Z","message":"ping ok"}
{"level":"debug","component":"db","time":"2025-09-30T08:57:35.678236559Z","message":"ping ok"}
{"level":"info","component":"app","time":"2025-09-30T08:57:39.193289571Z","message":"turning down the server"}
{"level":"debug","component":"app","evt":"loggers are successful setted","time":"2025-09-30T08:58:02.798469794Z"}
{"level":"debug","component":"app","time":"2025-09-30T08:58:03.300909934Z","message":"Init interfaces: Service, RSLAPI, Handler"}
{"level":"info","component":"srv","script":"SELECT * FROM rgd.2018_01_1;","time":"2025-09-30T08:58:04.745352777Z","message":"catch new script"}
{"level":"debug","component":"db","evt":"ExecQuery","Query":"SELECT * FROM rgd.2018_01_1;","time":"2025-09-30T08:58:04.746185705Z"}
{"level":"debug","component":"db","time":"2025-09-30T08:58:08.376595647Z","message":"ping ok"}
{"level":"debug","component":"db","time":"2025-09-30T08:58:13.378146052Z","message":"ping ok"}
{"level":"debug","component":"db","time":"2025-09-30T08:58:18.381009497Z","message":"ping ok"}
{"level":"debug","component":"db","time":"2025-09-30T08:58:21.601049157Z","message":"ping ok"}
{"level":"debug","component":"db","time":"2025-09-30T08:58:26.611550889Z","message":"ping ok"}
{"level":"debug","component":"db","time":"2025-09-30T08:58:31.615567592Z","message":"ping ok"}
{"level":"debug","component":"db","time":"2025-09-30T08:58:36.619296201Z","message":"ping ok"}
{"level":"debug","component":"db","time":"2025-09-30T08:58:41.611605336Z","message":"ping ok"}
{"level":"debug","component":"db","time":"2025-09-30T08:58:46.600098845Z","message":"ping ok"}
{"level":"debug","component":"db","time":"2025-09-30T08:58:50.414622762Z","message":"ping ok"}
{"level":"debug","component":"db","time":"2025-09-30T08:58:55.412793996Z","message":"ping ok"}
{"level":"debug","component":"db","time":"2025-09-30T08:59:00.407147169Z","message":"ping ok"}
{"level":"debug","component":"db","time":"2025-09-30T08:59:05.405630609Z","message":"ping ok"}
{"level":"debug","component":"db","time":"2025-09-30T08:59:10.406581392Z","message":"ping ok"}
{"level":"debug","component":"db","time":"2025-09-30T08:59:15.420593604Z","message":"ping ok"}
{"level":"debug","component":"db","time":"2025-09-30T08:59:20.407094567Z","message":"ping ok"}
{"level":"debug","component":"db","time":"2025-09-30T08:59:24.204930797Z","message":"ping ok"}
{"level":"debug","component":"db","time":"2025-09-30T08:59:29.199259783Z","message":"ping ok"}
{"level":"debug","component":"db","time":"2025-09-30T08:59:34.205985735Z","message":"ping ok"}
{"level":"debug","component":"db","time":"2025-09-30T08:59:39.196191377Z","message":"ping ok"}
{"level":"debug","component":"db","time":"2025-09-30T08:59:44.19154444Z","message":"ping ok"}
{"level":"debug","component":"db","time":"2025-09-30T08:59:49.194584388Z","message":"ping ok"}
{"level":"debug","component":"db","time":"2025-09-30T08:59:52.974871772Z","message":"ping ok"}
{"level":"debug","component":"db","time":"2025-09-30T08:59:57.994327129Z","message":"ping ok"}
{"level":"debug","component":"app","evt":"loggers are successful setted","time":"2025-09-30T09:00:04.203501315Z"}
{"level":"debug","component":"app","time":"2025-09-30T09:00:04.706784838Z","message":"Init interfaces: Service, RSLAPI, Handler"}
{"level":"debug","component":"db","time":"2025-09-30T09:00:19.795352988Z","message":"ping ok"}
{"level":"debug","component":"db","time":"2025-09-30T09:00:33.570199649Z","message":"ping ok"}
{"level":"info","component":"app","time":"2025-09-30T09:00:38.311702663Z","message":"turning down the server"}
{"level":"error","component":"app","error":"listen tcp 127.0.0.1:1337: bind: address already in use","time":"2025-09-30T09:00:38.312400684Z"}
{"level":"debug","component":"app","evt":"loggers are successful setted","time":"2025-09-30T09:01:15.579044146Z"}
{"level":"debug","component":"app","time":"2025-09-30T09:01:16.088771372Z","message":"Init interfaces: Service, RSLAPI, Handler"}
{"level":"info","component":"app","time":"2025-09-30T09:01:16.69163504Z","message":"turning down the server"}
{"level":"error","component":"app","error":"listen tcp 127.0.0.1:1337: bind: address already in use","time":"2025-09-30T09:01:16.692122554Z"}
{"level":"debug","component":"app","evt":"loggers are successful setted","time":"2025-09-30T09:02:12.449220909Z"}
{"level":"debug","component":"app","time":"2025-09-30T09:02:12.995916719Z","message":"Init interfaces: Service, RSLAPI, Handler"}
{"level":"info","component":"srv","script":"SELECT * FROM rgd.2018_01_1;","time":"2025-09-30T09:02:14.912496985Z","message":"catch new script"}
{"level":"debug","component":"db","evt":"ExecQuery","Query":"SELECT * FROM rgd.2018_01_1;","time":"2025-09-30T09:02:14.912979941Z"}
{"level":"debug","component":"db","time":"2025-09-30T09:02:26.868922802Z","message":"ping ok"}
{"level":"info","component":"app","time":"2025-09-30T09:02:41.318841801Z","message":"turning down the server"}
{"level":"debug","component":"app","evt":"loggers are successful setted","time":"2025-09-30T09:02:53.151660883Z"}
{"level":"debug","component":"app","time":"2025-09-30T09:02:53.660952045Z","message":"Init interfaces: Service, RSLAPI, Handler"}
{"level":"debug","component":"db","time":"2025-09-30T09:03:07.481941513Z","message":"ping ok"}
{"level":"debug","component":"db","time":"2025-09-30T09:03:22.506326683Z","message":"ping ok"}
{"level":"debug","component":"db","time":"2025-09-30T09:03:36.221910741Z","message":"ping ok"}
{"level":"debug","component":"db","time":"2025-09-30T09:03:51.219542976Z","message":"ping ok"}
{"level":"info","component":"srv","script":"SELECT * FROM rgd.2018_01_1;","time":"2025-09-30T09:03:55.313094096Z","message":"catch new script"}
{"level":"debug","component":"db","evt":"ExecQuery","Query":"SELECT * FROM rgd.2018_01_1;","time":"2025-09-30T09:03:55.313676991Z"}
{"level":"debug","component":"db","time":"2025-09-30T09:04:04.981558454Z","message":"ping ok"}
{"level":"debug","component":"db","time":"2025-09-30T09:04:19.993125785Z","message":"ping ok"}
{"level":"debug","component":"db","time":"2025-09-30T09:04:33.78672278Z","message":"ping ok"}
{"level":"debug","component":"db","time":"2025-09-30T09:04:48.778655808Z","message":"ping ok"}
{"level":"debug","component":"db","time":"2025-09-30T09:05:02.534861755Z","message":"ping ok"}
{"level":"info","component":"app","time":"2025-09-30T09:05:11.395911011Z","message":"turning down the server"}
{"level":"debug","component":"app","evt":"loggers are successful setted","time":"2025-09-30T09:06:03.774532259Z"}
{"level":"debug","component":"app","time":"2025-09-30T09:06:04.280586963Z","message":"Init interfaces: Service, RSLAPI, Handler"}
{"level":"debug","component":"db","time":"2025-09-30T09:06:18.127233639Z","message":"ping ok"}
{"level":"info","component":"srv","script":"SELECT * FROM rgd.2018_01_1;","time":"2025-09-30T09:06:27.44884104Z","message":"catch new script"}
{"level":"debug","component":"db","evt":"ExecQuery","Query":"SELECT * FROM rgd.2018_01_1;","time":"2025-09-30T09:06:27.449202522Z"}
{"level":"debug","component":"db","time":"2025-09-30T09:06:33.129845173Z","message":"ping ok"}
{"level":"debug","component":"db","time":"2025-09-30T09:06:46.88732834Z","message":"ping ok"}
{"level":"debug","component":"db","time":"2025-09-30T09:07:01.885544501Z","message":"ping ok"}
{"level":"debug","component":"db","time":"2025-09-30T09:07:15.655712215Z","message":"ping ok"}
{"level":"debug","component":"db","time":"2025-09-30T09:07:30.64703775Z","message":"ping ok"}
{"level":"info","component":"srv","script":"SELECT * FROM rgd.\"2018_01_1\";","time":"2025-09-30T09:07:36.127559564Z","message":"catch new script"}
{"level":"debug","component":"db","evt":"ExecQuery","Query":"SELECT * FROM rgd.\"2018_01_1\";","time":"2025-09-30T09:07:36.128199645Z"}
{"level":"error","component":"db","error":"conn closed","time":"2025-09-30T09:07:44.283938155Z","message":"ping failed"}
{"level":"info","component":"db","time":"2025-09-30T09:07:44.716515538Z","message":"reconnected to DB"}
{"level":"debug","component":"db","time":"2025-09-30T09:07:59.363568173Z","message":"ping ok"}
{"level":"info","component":"app","time":"2025-09-30T09:08:05.498535919Z","message":"turning down the server"}
{"level":"debug","component":"app","evt":"loggers are successful setted","time":"2025-09-30T09:08:15.634638098Z"}
{"level":"debug","component":"app","time":"2025-09-30T09:08:16.134995377Z","message":"Init interfaces: Service, RSLAPI, Handler"}
{"level":"info","component":"srv","script":"SELECT * FROM rgd.\"2018_01_1\";","time":"2025-09-30T09:08:18.68657571Z","message":"catch new script"}
{"level":"debug","component":"db","evt":"ExecQuery","Query":"SELECT * FROM rgd.\"2018_01_1\";","time":"2025-09-30T09:08:18.687209504Z"}
{"level":"error","component":"db","error":"conn busy","time":"2025-09-30T09:08:31.135814236Z","message":"ping failed"}
{"level":"info","component":"db","time":"2025-09-30T09:08:31.583387121Z","message":"reconnected to DB"}
{"level":"debug","component":"db","time":"2025-09-30T09:08:44.965730967Z","message":"ping ok"}
{"level":"debug","component":"db","time":"2025-09-30T09:08:59.94711568Z","message":"ping ok"}
{"level":"debug","component":"db","time":"2025-09-30T09:09:13.652074489Z","message":"ping ok"}
{"level":"debug","component":"db","time":"2025-09-30T09:09:28.657905301Z","message":"ping ok"}
{"level":"debug","component":"db","time":"2025-09-30T09:09:42.373114239Z","message":"ping ok"}
{"level":"debug","component":"db","time":"2025-09-30T09:09:57.381019097Z","message":"ping ok"}
{"level":"debug","component":"db","time":"2025-09-30T09:10:11.121613035Z","message":"ping ok"}
{"level":"info","component":"app","time":"2025-09-30T09:10:17.345017674Z","message":"turning down the server"}
{"level":"debug","component":"app","evt":"loggers are successful setted","time":"2025-09-30T09:10:20.934388208Z"}
{"level":"debug","component":"app","time":"2025-09-30T09:10:21.529614062Z","message":"Init interfaces: Service, RSLAPI, Handler"}
{"level":"info","component":"srv","script":"SELECT * FROM rgd.\"2018_01_1\";","time":"2025-09-30T09:10:28.23679981Z","message":"catch new script"}
{"level":"debug","component":"db","evt":"ExecQuery","Query":"SELECT * FROM rgd.\"2018_01_1\";","time":"2025-09-30T09:10:28.238124755Z"}
{"level":"error","component":"db","error":"conn busy","time":"2025-09-30T09:10:36.530666852Z","message":"ping failed"}
{"level":"info","component":"db","time":"2025-09-30T09:10:36.965967735Z","message":"reconnected to DB"}
{"level":"info","component":"app","time":"2025-09-30T09:10:50.256583233Z","message":"turning down the server"}
{"level":"debug","component":"app","evt":"loggers are successful setted","time":"2025-09-30T09:11:33.27937882Z"}
{"level":"debug","component":"app","time":"2025-09-30T09:11:33.783249351Z","message":"Init interfaces: Service, RSLAPI, Handler"}
{"level":"info","component":"srv","script":"SELECT * FROM rgd.\"2018_01_1\";","time":"2025-09-30T09:11:38.765413016Z","message":"catch new script"}
{"level":"debug","component":"db","evt":"ExecQuery","Query":"SELECT * FROM rgd.\"2018_01_1\";","time":"2025-09-30T09:11:38.766480632Z"}
{"level":"error","component":"db","error":"conn closed","time":"2025-09-30T09:12:07.517160402Z","message":"ping failed"}
{"level":"info","component":"db","time":"2025-09-30T09:12:07.953959956Z","message":"reconnected to DB"}
{"level":"debug","component":"db","time":"2025-09-30T09:12:08.03112152Z","message":"ping ok"}
{"level":"debug","component":"db","time":"2025-09-30T09:12:16.329765363Z","message":"ping ok"}
{"level":"debug","component":"db","time":"2025-09-30T09:12:31.323505028Z","message":"ping ok"}
{"level":"debug","component":"db","time":"2025-09-30T09:12:46.333910807Z","message":"ping ok"}
{"level":"info","component":"app","time":"2025-09-30T09:12:50.986094565Z","message":"turning down the server"}
{"level":"debug","component":"app","evt":"loggers are successful setted","time":"2025-09-30T09:13:44.843568884Z"}
{"level":"debug","component":"app","time":"2025-09-30T09:13:45.349057284Z","message":"Init interfaces: Service, RSLAPI, Handler"}
{"level":"info","component":"srv","script":"SELECT * FROM rgd.\"2018_01_1\";","time":"2025-09-30T09:13:48.51083459Z","message":"catch new script"}
{"level":"debug","component":"db","evt":"ExecQuery","Query":"SELECT * FROM rgd.\"2018_01_1\";","time":"2025-09-30T09:13:48.511799187Z"}
{"level":"info","component":"app","time":"2025-09-30T09:15:25.889291309Z","message":"turning down the server"}
{"level":"error","component":"app","error":"context canceled","time":"2025-09-30T09:15:25.891608951Z"}
{"level":"debug","component":"app","evt":"loggers are successful setted","time":"2025-09-30T09:15:54.370826574Z"}
{"level":"debug","component":"app","time":"2025-09-30T09:15:54.871148158Z","message":"Init interfaces: Service, RSLAPI, Handler"}
{"level":"info","component":"srv","script":"SELECT * FROM rgd.\"2018_01_1\";","time":"2025-09-30T09:15:57.703263911Z","message":"catch new script"}
{"level":"debug","component":"db","evt":"ExecQuery","Query":"SELECT * FROM rgd.\"2018_01_1\";","time":"2025-09-30T09:15:57.703705691Z"}
{"level":"info","component":"app","time":"2025-09-30T09:19:54.347031787Z","message":"turning down the server"}
{"level":"debug","component":"app","evt":"loggers are successful setted","time":"2025-09-30T09:22:51.28905417Z"}
{"level":"debug","component":"app","time":"2025-09-30T09:22:51.796019227Z","message":"Init interfaces: Service, RSLAPI, Handler"}
{"level":"debug","component":"db","time":"2025-09-30T09:23:05.597252877Z","message":"ping ok"}
{"level":"info","component":"srv","script":"SELECT * FROM oulad.courses;","time":"2025-09-30T09:23:06.906189893Z","message":"catch new script"}
{"level":"debug","component":"db","evt":"ExecQuery","Query":"SELECT * FROM oulad.courses;","time":"2025-09-30T09:23:06.906621153Z"}
{"level":"debug","component":"db","time":"2025-09-30T09:23:20.58406685Z","message":"ping ok"}
{"level":"debug","component":"db","time":"2025-09-30T09:23:35.599544291Z","message":"ping ok"}
{"level":"info","component":"app","time":"2025-09-30T09:23:37.963808259Z","message":"turning down the server"}
{"level":"debug","component":"app","evt":"loggers are successful setted","time":"2025-09-30T09:23:43.483141427Z"}
{"level":"debug","component":"app","time":"2025-09-30T09:23:43.988451106Z","message":"Init interfaces: Service, RSLAPI, Handler"}
{"level":"info","component":"srv","script":"SELECT * FROM oulad.courses;","time":"2025-09-30T09:23:46.712867268Z","message":"catch new script"}
{"level":"debug","component":"db","evt":"ExecQuery","Query":"SELECT * FROM oulad.courses;","time":"2025-09-30T09:23:46.713523879Z"}
{"level":"debug","component":"db","time":"2025-09-30T09:23:59.062534408Z","message":"ping ok"}
{"level":"info","component":"app","time":"2025-09-30T09:24:03.289294373Z","message":"turning down the server"}
{"level":"debug","component":"app","evt":"loggers are successful setted","time":"2025-09-30T09:24:05.709156364Z"}
{"level":"debug","component":"app","time":"2025-09-30T09:24:06.21199628Z","message":"Init interfaces: Service, RSLAPI, Handler"}
{"level":"debug","component":"db","time":"2025-09-30T09:24:07.285268693Z","message":"ping ok"}
{"level":"debug","component":"db","time":"2025-09-30T09:24:08.286043959Z","message":"ping ok"}
{"level":"debug","component":"db","time":"2025-09-30T09:24:07.992497611Z","message":"ping ok"}
{"level":"debug","component":"db","time":"2025-09-30T09:24:08.99478894Z","message":"ping ok"}
{"level":"debug","component":"db","time":"2025-09-30T09:24:09.992233447Z","message":"ping ok"}
{"level":"info","component":"srv","script":"SELECT * FROM oulad.courses;","time":"2025-09-30T09:24:10.202847943Z","message":"catch new script"}
{"level":"debug","component":"db","evt":"ExecQuery","Query":"SELECT * FROM oulad.courses;","time":"2025-09-30T09:24:10.203543618Z"}
{"level":"debug","component":"db","time":"2025-09-30T09:24:10.997937576Z","message":"ping ok"}
{"level":"debug","component":"db","time":"2025-09-30T09:24:11.996841445Z","message":"ping ok"}
{"level":"debug","component":"db","time":"2025-09-30T09:24:12.996918393Z","message":"ping ok"}
{"level":"debug","component":"db","time":"2025-09-30T09:24:13.993641828Z","message":"ping ok"}
{"level":"debug","component":"db","time":"2025-09-30T09:24:14.993992964Z","message":"ping ok"}
{"level":"debug","component":"db","time":"2025-09-30T09:24:15.996230379Z","message":"ping ok"}
{"level":"debug","component":"db","time":"2025-09-30T09:24:17.008605423Z","message":"ping ok"}
{"level":"debug","component":"db","time":"2025-09-30T09:24:18.010324834Z","message":"ping ok"}
{"level":"debug","component":"db","time":"2025-09-30T09:24:19.002819459Z","message":"ping ok"}
{"level":"info","component":"app","time":"2025-09-30T09:24:19.530645268Z","message":"turning down the server"}
{"level":"debug","component":"app","evt":"loggers are successful setted","time":"2025-09-30T09:24:25.34293133Z"}
{"level":"debug","component":"app","time":"2025-09-30T09:24:25.848566037Z","message":"Init interfaces: Service, RSLAPI, Handler"}
{"level":"debug","component":"db","time":"2025-09-30T09:24:26.921153422Z","message":"ping ok"}
{"level":"debug","component":"db","time":"2025-09-30T09:24:27.92294359Z","message":"ping ok"}
{"level":"debug","component":"db","time":"2025-09-30T09:24:28.920116724Z","message":"ping ok"}
{"level":"info","component":"srv","script":"SELECT * FROM rgd.\"2018_01_1\";","time":"2025-09-30T09:24:29.306220483Z","message":"catch new script"}
{"level":"debug","component":"db","evt":"ExecQuery","Query":"SELECT * FROM rgd.\"2018_01_1\";","time":"2025-09-30T09:24:29.306991033Z"}
{"level":"debug","component":"db","time":"2025-09-30T09:24:29.849900969Z","message":"skip ping"}
{"level":"debug","component":"db","time":"2025-09-30T09:24:30.849527325Z","message":"skip ping"}
{"level":"debug","component":"db","time":"2025-09-30T09:24:31.849361691Z","message":"skip ping"}
{"level":"debug","component":"db","time":"2025-09-30T09:24:32.848986544Z","message":"skip ping"}
{"level":"debug","component":"db","time":"2025-09-30T09:24:33.849442254Z","message":"skip ping"}
{"level":"debug","component":"db","time":"2025-09-30T09:24:34.848853866Z","message":"skip ping"}
{"level":"debug","component":"db","time":"2025-09-30T09:24:35.849396447Z","message":"skip ping"}
{"level":"debug","component":"db","time":"2025-09-30T09:24:36.84987771Z","message":"skip ping"}
{"level":"debug","component":"db","time":"2025-09-30T09:24:37.849065801Z","message":"skip ping"}
{"level":"debug","component":"db","time":"2025-09-30T09:24:38.849356542Z","message":"skip ping"}
{"level":"debug","component":"db","time":"2025-09-30T09:24:38.549117239Z","message":"skip ping"}
{"level":"info","component":"app","time":"2025-09-30T09:24:39.030251699Z","message":"turning down the server"}
{"level":"error","component":"app","error":"context canceled","time":"2025-09-30T09:24:39.030753809Z"}
{"level":"debug","component":"app","evt":"loggers are successful setted","time":"2025-09-30T09:25:17.567142237Z"}
{"level":"debug","component":"app","time":"2025-09-30T09:25:18.073441157Z","message":"Init interfaces: Service, RSLAPI, Handler"}
{"level":"info","component":"srv","script":"SELECT * FROM rgd.\"2018_01_1\";","time":"2025-09-30T09:25:20.911294468Z","message":"catch new script"}
{"level":"debug","component":"db","evt":"ExecQuery","Query":"SELECT * FROM rgd.\"2018_01_1\";","time":"2025-09-30T09:25:20.912009938Z"}
{"level":"info","component":"app","time":"2025-09-30T09:25:27.292007931Z","message":"turning down the server"}
{"level":"error","component":"app","error":"context canceled","time":"2025-09-30T09:25:27.292486638Z"}
{"level":"debug","component":"app","evt":"loggers are successful setted","time":"2025-09-30T09:25:42.31767349Z"}
{"level":"debug","component":"app","time":"2025-09-30T09:25:42.823906048Z","message":"Init interfaces: Service, RSLAPI, Handler"}
{"level":"info","component":"srv","script":"SELECT * FROM oulad.courses;","time":"2025-09-30T09:25:46.139269333Z","message":"catch new script"}
{"level":"debug","component":"db","evt":"ExecQuery","Query":"SELECT * FROM oulad.courses;","time":"2025-09-30T09:25:46.139691851Z"}
{"level":"debug","component":"db","time":"2025-09-30T09:25:52.902009487Z","message":"ping ok"}
{"level":"info","component":"app","time":"2025-09-30T09:25:58.149896682Z","message":"turning down the server"}
{"level":"debug","component":"app","evt":"loggers are successful setted","time":"2025-09-30T09:26:26.299348653Z"}
{"level":"debug","component":"app","time":"2025-09-30T09:26:26.805613331Z","message":"Init interfaces: Service, RSLAPI, Handler"}
{"level":"info","component":"srv","script":"SELECT * FROM oulad.courses;","time":"2025-09-30T09:26:30.510160132Z","message":"catch new script"}
{"level":"debug","component":"db","evt":"ExecQuery","Query":"SELECT * FROM oulad.courses;","time":"2025-09-30T09:26:30.510933803Z"}
{"level":"info","component":"app","time":"2025-09-30T09:26:32.596384379Z","message":"turning down the server"}
{"level":"info","component":"app","time":"2025-09-30T09:26:32.59666803Z","message":"shutdown successful"}
{"level":"debug","component":"app","evt":"loggers are successful setted","time":"2025-09-30T09:27:41.332056348Z"}
{"level":"debug","component":"app","time":"2025-09-30T09:27:41.957775765Z","message":"Init interfaces: Service, RSLAPI, Handler"}
{"level":"info","component":"srv","script":"SELECT * FROM oulad.courses;","time":"2025-09-30T09:27:46.330943633Z","message":"catch new script"}
{"level":"debug","component":"db","evt":"ExecQuery","Query":"SELECT * FROM oulad.courses;","time":"2025-09-30T09:27:46.331705333Z"}
{"level":"info","component":"app","time":"2025-09-30T09:27:48.147952968Z","message":"turning down the server"}
{"level":"debug","component":"app","evt":"loggers are successful setted","time":"2025-09-30T09:31:45.310114645Z"}
{"level":"debug","component":"app","time":"2025-09-30T09:31:45.819824076Z","message":"Init interfaces: Service, RSLAPI, Handler"}
{"level":"info","component":"app","time":"2025-09-30T09:31:46.901839906Z","message":"turning down the server"}
{"level":"info","component":"app","time":"2025-09-30T09:31:46.90229254Z","message":"shutdown successful"}
{"level":"debug","component":"app","evt":"loggers are successful setted","time":"2025-09-30T10:15:14.06201796Z"}
{"level":"debug","component":"app","time":"2025-09-30T10:15:14.568910818Z","message":"Init interfaces: Service, RSLAPI, Handler"}
{"level":"debug","component":"db","time":"2025-09-30T10:15:24.650611563Z","message":"ping ok"}
{"level":"debug","component":"db","time":"2025-09-30T10:15:34.646100837Z","message":"ping ok"}
{"level":"debug","component":"db","time":"2025-09-30T10:15:43.33016134Z","message":"ping ok"}
{"level":"info","component":"srv","script":"SELECT * FROM oulad.courses;","time":"2025-09-30T10:15:47.092409296Z","message":"catch new script"}
{"level":"debug","component":"db","evt":"ExecQuery","Query":"SELECT * FROM oulad.courses;","time":"2025-09-30T10:15:47.092923253Z"}
{"level":"debug","component":"db","time":"2025-09-30T10:15:53.330150679Z","message":"ping ok"}
{"level":"info","component":"app","time":"2025-09-30T10:16:01.145001666Z","message":"turning down the server"}
{"level":"info","component":"app","time":"2025-09-30T10:16:01.145504386Z","message":"shutdown successful"}
{"level":"debug","component":"app","evt":"loggers are successful setted","time":"2025-09-30T10:16:02.828328125Z"}
{"level":"debug","component":"app","time":"2025-09-30T10:16:03.341679843Z","message":"Init interfaces: Service, RSLAPI, Handler"}
{"level":"info","component":"srv","script":"SELECT * FROM oulad.courses;","time":"2025-09-30T10:16:05.888629711Z","message":"catch new script"}
{"level":"debug","component":"db","evt":"ExecQuery","Query":"SELECT * FROM oulad.courses;","time":"2025-09-30T10:16:05.889288863Z"}
{"level":"debug","component":"db","time":"2025-09-30T10:16:12.048322763Z","message":"ping ok"}
{"level":"info","component":"app","time":"2025-09-30T10:16:16.001232964Z","message":"turning down the server"}
{"level":"info","component":"app","time":"2025-09-30T10:16:16.001952601Z","message":"shutdown successful"}
{"level":"debug","component":"app","evt":"loggers are successful setted","time":"2025-09-30T10:24:48.195699498Z"}
{"level":"debug","component":"app","time":"2025-09-30T10:24:48.700565721Z","message":"Init interfaces: Service, RSLAPI, Handler"}
{"level":"info","component":"srv","script":"SELECT * FROM oulad.courses;","time":"2025-09-30T10:24:52.766999315Z","message":"catch new script"}
{"level":"debug","component":"db","evt":"ExecQuery","Query":"SELECT * FROM oulad.courses;","time":"2025-09-30T10:24:52.767707067Z"}
{"level":"debug","component":"db","time":"2025-09-30T10:24:57.435932579Z","message":"ping ok"}
{"level":"debug","component":"db","time":"2025-09-30T10:25:07.436505249Z","message":"ping ok"}
{"level":"info","component":"app","time":"2025-09-30T10:25:08.623465768Z","message":"turning down the server"}
{"level":"info","component":"app","time":"2025-09-30T10:25:08.62399337Z","message":"shutdown successful"}
{"level":"debug","component":"app","evt":"loggers are successful setted","time":"2025-09-30T10:25:10.268569014Z"}
{"level":"debug","component":"app","time":"2025-09-30T10:25:10.780867342Z","message":"Init interfaces: Service, RSLAPI, Handler"}
{"level":"info","component":"srv","script":"SELECT * FROM oulad.courses;","time":"2025-09-30T10:25:14.000688865Z","message":"catch new script"}
{"level":"debug","component":"db","evt":"ExecQuery","Query":"SELECT * FROM oulad.courses;","time":"2025-09-30T10:25:14.001494488Z"}
{"level":"debug","component":"db","time":"2025-09-30T10:25:20.861294578Z","message":"ping ok"}
{"level":"debug","component":"db","time":"2025-09-30T10:25:29.532470496Z","message":"ping ok"}
{"level":"debug","component":"db","time":"2025-09-30T10:25:39.549284602Z","message":"ping ok"}
{"level":"debug","component":"db","time":"2025-09-30T10:25:49.530165171Z","message":"ping ok"}
{"level":"debug","component":"db","time":"2025-09-30T10:25:59.529548335Z","message":"ping ok"}
{"level":"debug","component":"db","time":"2025-09-30T10:26:08.232002301Z","message":"ping ok"}
{"level":"debug","component":"db","time":"2025-09-30T10:26:18.219303433Z","message":"ping ok"}
{"level":"info","component":"app","time":"2025-09-30T10:26:26.239324979Z","message":"turning down the server"}
{"level":"info","component":"app","time":"2025-09-30T10:26:26.239743081Z","message":"shutdown successful"}
{"level":"debug","component":"app","evt":"loggers are successful setted","time":"2025-09-30T10:26:27.638950523Z"}
{"level":"debug","component":"app","time":"2025-09-30T10:26:28.143785106Z","message":"Init interfaces: Service, RSLAPI, Handler"}
{"level":"info","component":"srv","script":"SELECT * FROM oulad.courses;","time":"2025-09-30T10:26:30.563885322Z","message":"catch new script"}
{"level":"debug","component":"db","evt":"ExecQuery","Query":"SELECT * FROM oulad.courses;","time":"2025-09-30T10:26:30.564195374Z"}
{"level":"debug","component":"db","time":"2025-09-30T10:26:36.902160884Z","message":"ping ok"}
{"level":"debug","component":"db","time":"2025-09-30T10:26:46.907239293Z","message":"ping ok"}
{"level":"debug","component":"db","time":"2025-09-30T10:26:56.91777639Z","message":"ping ok"}
{"level":"debug","component":"db","time":"2025-09-30T10:27:05.59145884Z","message":"ping ok"}
{"level":"debug","component":"db","time":"2025-09-30T10:27:15.591488016Z","message":"ping ok"}
{"level":"debug","component":"db","time":"2025-09-30T10:27:25.599167882Z","message":"ping ok"}
{"level":"debug","component":"db","time":"2025-09-30T10:27:34.265695588Z","message":"ping ok"}
{"level":"debug","component":"db","time":"2025-09-30T10:27:44.281726906Z","message":"ping ok"}
{"level":"info","component":"app","time":"2025-09-30T10:27:50.886473387Z","message":"turning down the server"}
{"level":"info","component":"app","time":"2025-09-30T10:27:50.886923334Z","message":"shutdown successful"}
{"level":"debug","component":"app","evt":"loggers are successful setted","time":"2025-09-30T10:27:52.176545724Z"}
{"level":"debug","component":"app","time":"2025-09-30T10:27:52.680833907Z","message":"Init interfaces: Service, RSLAPI, Handler"}
{"level":"info","component":"srv","script":"SELECT * FROM oulad.courses;","time":"2025-09-30T10:27:54.235442173Z","message":"catch new script"}
{"level":"debug","component":"db","evt":"ExecQuery","Query":"SELECT * FROM oulad.courses;","time":"2025-09-30T10:27:54.235979026Z"}
{"level":"debug","component":"db","time":"2025-09-30T10:28:02.752307229Z","message":"ping ok"}
{"level":"debug","component":"db","time":"2025-09-30T10:28:11.414272356Z","message":"ping ok"}
{"level":"debug","component":"db","time":"2025-09-30T10:28:21.41875984Z","message":"ping ok"}
{"level":"debug","component":"db","time":"2025-09-30T10:28:31.418478501Z","message":"ping ok"}
{"level":"info","component":"app","time":"2025-09-30T10:28:32.907630602Z","message":"turning down the server"}
{"level":"info","component":"app","time":"2025-09-30T10:28:32.907990166Z","message":"shutdown successful"}
{"level":"debug","component":"app","evt":"loggers are successful setted","time":"2025-09-30T10:35:33.988793015Z"}
{"level":"debug","component":"app","time":"2025-09-30T10:35:34.801727412Z","message":"Init interfaces: Service, RSLAPI, Handler"}
{"level":"info","component":"srv","script":"SELECT * FROM oulad.courses;","time":"2025-09-30T10:35:36.998706743Z","message":"catch new script"}
{"level":"debug","component":"db","evt":"ExecQuery","Query":"SELECT * FROM oulad.courses;","time":"2025-09-30T10:35:36.999279996Z"}
{"level":"debug","component":"db","time":"2025-09-30T10:35:44.880433272Z","message":"ping ok"}
{"level":"debug","component":"db","time":"2025-09-30T10:35:53.561520612Z","message":"ping ok"}
{"level":"debug","component":"db","time":"2025-09-30T10:36:03.573160106Z","message":"ping ok"}
{"level":"debug","component":"db","time":"2025-09-30T10:36:13.566795486Z","message":"ping ok"}
{"level":"debug","component":"db","time":"2025-09-30T10:36:22.243756637Z","message":"ping ok"}
{"level":"debug","component":"db","time":"2025-09-30T10:36:32.239536218Z","message":"ping ok"}
{"level":"debug","component":"db","time":"2025-09-30T10:36:42.239381883Z","message":"ping ok"}
{"level":"info","component":"srv","script":"SELECT * FROM oulad.courses;","time":"2025-09-30T10:36:48.89782082Z","message":"catch new script"}
{"level":"debug","component":"db","evt":"ExecQuery","Query":"SELECT * FROM oulad.courses;","time":"2025-09-30T10:36:48.898130306Z"}
{"level":"debug","component":"db","time":"2025-09-30T10:36:50.924914034Z","message":"ping ok"}
{"level":"debug","component":"db","time":"2025-09-30T10:37:00.91861114Z","message":"ping ok"}
{"level":"debug","component":"db","time":"2025-09-30T10:37:10.919878016Z","message":"ping ok"}
{"level":"debug","component":"db","time":"2025-09-30T10:37:19.556236157Z","message":"ping ok"}
{"level":"debug","component":"db","time":"2025-09-30T10:37:29.577998416Z","message":"ping ok"}
{"level":"debug","component":"db","time":"2025-09-30T10:37:39.556644268Z","message":"ping ok"}
{"level":"debug","component":"db","time":"2025-09-30T10:37:49.556308169Z","message":"ping ok"}
{"level":"debug","component":"db","time":"2025-09-30T10:37:58.256193375Z","message":"ping ok"}
{"level":"debug","component":"db","time":"2025-09-30T10:38:08.256731579Z","message":"ping ok"}
{"level":"debug","component":"db","time":"2025-09-30T10:38:18.2564084Z","message":"ping ok"}
{"level":"debug","component":"db","time":"2025-09-30T10:38:26.931704455Z","message":"ping ok"}
{"level":"debug","component":"db","time":"2025-09-30T10:38:36.924450025Z","message":"ping ok"}
{"level":"debug","component":"db","time":"2025-09-30T10:38:46.919040893Z","message":"ping ok"}
{"level":"debug","component":"db","time":"2025-09-30T10:38:55.607032468Z","message":"ping ok"}
{"level":"debug","component":"db","time":"2025-09-30T10:39:05.605685558Z","message":"ping ok"}
{"level":"debug","component":"db","time":"2025-09-30T10:39:15.608063353Z","message":"ping ok"}
{"level":"debug","component":"db","time":"2025-09-30T10:39:24.268552285Z","message":"ping ok"}
{"level":"debug","component":"db","time":"2025-09-30T10:39:34.272757016Z","message":"ping ok"}
{"level":"debug","component":"db","time":"2025-09-30T10:39:44.271610033Z","message":"ping ok"}
{"level":"debug","component":"db","time":"2025-09-30T10:39:54.268157637Z","message":"ping ok"}
{"level":"debug","component":"db","time":"2025-09-30T10:40:02.911012082Z","message":"ping ok"}
{"level":"debug","component":"db","time":"2025-09-30T10:40:12.910398575Z","message":"ping ok"}
{"level":"debug","component":"db","time":"2025-09-30T10:40:22.911241529Z","message":"ping ok"}
{"level":"debug","component":"db","time":"2025-09-30T10:40:31.599540736Z","message":"ping ok"}
{"level":"debug","component":"db","time":"2025-09-30T10:40:41.599073456Z","message":"ping ok"}
{"level":"debug","component":"db","time":"2025-09-30T10:40:51.601192765Z","message":"ping ok"}
{"level":"debug","component":"db","time":"2025-09-30T10:41:00.267108102Z","message":"ping ok"}
{"level":"debug","component":"db","time":"2025-09-30T10:41:10.275532429Z","message":"ping ok"}
{"level":"debug","component":"db","time":"2025-09-30T10:41:20.267065877Z","message":"ping ok"}
{"level":"debug","component":"db","time":"2025-09-30T10:41:28.939229435Z","message":"ping ok"}
{"level":"debug","component":"db","time":"2025-09-30T10:41:38.93867178Z","message":"ping ok"}
{"level":"info","component":"app","time":"2025-09-30T10:41:40.536658812Z","message":"turning down the server"}
{"level":"info","component":"app","time":"2025-09-30T10:41:40.537428052Z","message":"shutdown successful"}
{"level":"debug","component":"app","evt":"loggers are successful setted","time":"2025-09-30T10:50:11.446043504Z"}
{"level":"debug","component":"app","time":"2025-09-30T10:50:11.955811494Z","message":"Init interfaces: Service, RSLAPI, Handler"}
{"level":"debug","component":"db","time":"2025-09-30T10:50:20.704913593Z","message":"ping ok"}
{"level":"debug","component":"db","time":"2025-09-30T10:50:30.714280241Z","message":"ping ok"}
{"level":"debug","component":"db","time":"2025-09-30T10:50:40.716631323Z","message":"ping ok"}
{"level":"debug","component":"db","time":"2025-09-30T10:50:49.375833029Z","message":"ping ok"}
{"level":"debug","component":"db","time":"2025-09-30T10:50:59.389747724Z","message":"ping ok"}
{"level":"debug","component":"db","time":"2025-09-30T10:51:09.383021957Z","message":"ping ok"}
{"level":"debug","component":"db","time":"2025-09-30T10:51:18.061162018Z","message":"ping ok"}
{"level":"debug","component":"db","time":"2025-09-30T10:51:28.064736967Z","message":"ping ok"}
{"level":"debug","component":"db","time":"2025-09-30T10:51:38.060754058Z","message":"ping ok"}
{"level":"debug","component":"db","time":"2025-09-30T10:51:46.754598319Z","message":"ping ok"}
{"level":"debug","component":"db","time":"2025-09-30T10:51:56.756228186Z","message":"ping ok"}
{"level":"debug","component":"db","time":"2025-09-30T10:52:06.74531294Z","message":"ping ok"}
{"level":"debug","component":"db","time":"2025-09-30T10:52:16.745964922Z","message":"ping ok"}
{"level":"debug","component":"db","time":"2025-09-30T10:52:25.421917905Z","message":"ping ok"}
{"level":"debug","component":"db","time":"2025-09-30T10:52:35.425254745Z","message":"ping ok"}
{"level":"debug","component":"db","time":"2025-09-30T10:52:45.414776907Z","message":"ping ok"}
{"level":"debug","component":"db","time":"2025-09-30T10:52:54.081069011Z","message":"ping ok"}
{"level":"debug","component":"db","time":"2025-09-30T10:53:04.080211693Z","message":"ping ok"}
{"level":"debug","component":"db","time":"2025-09-30T10:53:14.1165851Z","message":"ping ok"}
{"level":"debug","component":"db","time":"2025-09-30T10:53:22.756752074Z","message":"ping ok"}
{"level":"debug","component":"db","time":"2025-09-30T10:53:32.780100437Z","message":"ping ok"}
{"level":"debug","component":"db","time":"2025-09-30T10:53:42.754864335Z","message":"ping ok"}
{"level":"debug","component":"db","time":"2025-09-30T10:53:51.462508226Z","message":"ping ok"}
{"level":"debug","component":"db","time":"2025-09-30T10:54:01.469226507Z","message":"ping ok"}
{"level":"debug","component":"db","time":"2025-09-30T10:54:11.47137199Z","message":"ping ok"}
{"level":"debug","component":"db","time":"2025-09-30T10:54:20.137090245Z","message":"ping ok"}
{"level":"debug","component":"db","time":"2025-09-30T10:54:30.195027558Z","message":"ping ok"}
{"level":"debug","component":"db","time":"2025-09-30T10:54:40.135552119Z","message":"ping ok"}
{"level":"debug","component":"db","time":"2025-09-30T10:54:50.171014984Z","message":"ping ok"}
{"level":"debug","component":"db","time":"2025-09-30T10:54:58.817570724Z","message":"ping ok"}
{"level":"debug","component":"db","time":"2025-09-30T10:55:08.834323326Z","message":"ping ok"}
{"level":"debug","component":"db","time":"2025-09-30T10:55:18.824656192Z","message":"ping ok"}
{"level":"debug","component":"db","time":"2025-09-30T10:55:27.484688645Z","message":"ping ok"}
{"level":"debug","component":"db","time":"2025-09-30T10:55:37.495993187Z","message":"ping ok"}
{"level":"debug","component":"db","time":"2025-09-30T10:55:47.495744408Z","message":"ping ok"}
{"level":"debug","component":"db","time":"2025-09-30T10:55:56.16601111Z","message":"ping ok"}
{"level":"debug","component":"db","time":"2025-09-30T10:56:06.166415208Z","message":"ping ok"}
{"level":"debug","component":"db","time":"2025-09-30T10:56:16.305335157Z","message":"ping ok"}
{"level":"debug","component":"db","time":"2025-09-30T10:56:24.835454689Z","message":"ping ok"}
{"level":"debug","component":"db","time":"2025-09-30T10:56:34.838024105Z","message":"ping ok"}
{"level":"debug","component":"db","time":"2025-09-30T10:56:44.865127133Z","message":"ping ok"}
{"level":"debug","component":"db","time":"2025-09-30T10:56:54.841571187Z","message":"ping ok"}
{"level":"debug","component":"db","time":"2025-09-30T10:57:03.550947998Z","message":"ping ok"}
{"level":"debug","component":"db","time":"2025-09-30T10:57:13.54355863Z","message":"ping ok"}
{"level":"debug","component":"db","time":"2025-09-30T10:57:23.575268744Z","message":"ping ok"}
{"level":"debug","component":"db","time":"2025-09-30T10:57:32.225737224Z","message":"ping ok"}
{"level":"debug","component":"db","time":"2025-09-30T10:57:42.224563754Z","message":"ping ok"}
{"level":"debug","component":"db","time":"2025-09-30T10:57:52.229561435Z","message":"ping ok"}
{"level":"debug","component":"db","time":"2025-09-30T10:58:00.90045458Z","message":"ping ok"}
{"level":"debug","component":"db","time":"2025-09-30T10:58:10.919581964Z","message":"ping ok"}
{"level":"debug","component":"db","time":"2025-09-30T10:58:20.92422061Z","message":"ping ok"}
{"level":"debug","component":"db","time":"2025-09-30T10:58:29.590738509Z","message":"ping ok"}
{"level":"debug","component":"db","time":"2025-09-30T10:58:39.595917444Z","message":"ping ok"}
{"level":"debug","component":"db","time":"2025-09-30T10:58:49.591275545Z","message":"ping ok"}
{"level":"debug","component":"db","time":"2025-09-30T10:58:58.260177234Z","message":"ping ok"}
{"level":"debug","component":"db","time":"2025-09-30T10:59:08.260468298Z","message":"ping ok"}
{"level":"debug","component":"db","time":"2025-09-30T10:59:18.254518304Z","message":"ping ok"}
{"level":"debug","component":"db","time":"2025-09-30T10:59:28.26356531Z","message":"ping ok"}
{"level":"debug","component":"db","time":"2025-09-30T10:59:36.941404164Z","message":"ping ok"}
{"level":"debug","component":"db","time":"2025-09-30T10:59:46.944104779Z","message":"ping ok"}
{"level":"debug","component":"db","time":"2025-09-30T10:59:56.945728403Z","message":"ping ok"}
{"level":"debug","component":"db","time":"2025-09-30T11:00:05.619474792Z","message":"ping ok"}
{"level":"debug","component":"db","time":"2025-09-30T11:00:15.621507076Z","message":"ping ok"}
{"level":"debug","component":"db","time":"2025-09-30T11:00:25.620410957Z","message":"ping ok"}
{"level":"debug","component":"db","time":"2025-09-30T11:00:34.322235955Z","message":"ping ok"}
{"level":"info","component":"app","time":"2025-09-30T11:00:36.153965683Z","message":"turning down the server"}
{"level":"info","component":"app","time":"2025-09-30T11:00:36.154470966Z","message":"shutdown successful"}
{"level":"debug","component":"app","evt":"loggers are successful setted","time":"2025-09-30T11:00:37.390134755Z"}
{"level":"debug","component":"app","time":"2025-09-30T11:00:37.896620567Z","message":"Init interfaces: Service, RSLAPI, Handler"}
{"level":"debug","component":"db","time":"2025-09-30T11:00:47.979651512Z","message":"ping ok"}
{"level":"debug","component":"db","time":"2025-09-30T11:00:57.98057144Z","message":"ping ok"}
{"level":"debug","component":"db","time":"2025-09-30T11:01:06.664946332Z","message":"ping ok"}
{"level":"debug","component":"db","time":"2025-09-30T11:01:16.662561383Z","message":"ping ok"}
{"level":"debug","component":"db","time":"2025-09-30T11:01:26.665095645Z","message":"ping ok"}
{"level":"debug","component":"db","time":"2025-09-30T11:01:35.357430845Z","message":"ping ok"}
{"level":"debug","component":"db","time":"2025-09-30T11:01:45.346687694Z","message":"ping ok"}
{"level":"debug","component":"db","time":"2025-09-30T11:01:55.354716088Z","message":"ping ok"}
{"level":"info","component":"app","time":"2025-09-30T11:02:03.202410936Z","message":"turning down the server"}
{"level":"info","component":"app","time":"2025-09-30T11:02:03.202786127Z","message":"shutdown successful"}
{"level":"debug","component":"app","evt":"loggers are successful setted","time":"2025-09-30T11:06:41.689440504Z"}
{"level":"debug","component":"app","time":"2025-09-30T11:06:42.194679895Z","message":"Init interfaces: Service, RSLAPI, Handler"}
{"level":"debug","component":"db","time":"2025-09-30T11:06:52.275526571Z","message":"ping ok"}
{"level":"debug","component":"db","time":"2025-09-30T11:07:02.276952508Z","message":"ping ok"}
{"level":"debug","component":"db","time":"2025-09-30T11:07:12.283438039Z","message":"ping ok"}
{"level":"debug","component":"db","time":"2025-09-30T11:07:20.973801161Z","message":"ping ok"}
{"level":"debug","component":"db","time":"2025-09-30T11:07:30.976056066Z","message":"ping ok"}
{"level":"debug","component":"db","time":"2025-09-30T11:07:40.972898752Z","message":"ping ok"}
{"level":"debug","component":"db","time":"2025-09-30T11:07:49.63427654Z","message":"ping ok"}
{"level":"debug","component":"db","time":"2025-09-30T11:07:59.634158781Z","message":"ping ok"}
{"level":"info","component":"app","time":"2025-09-30T11:08:07.712665521Z","message":"turning down the server"}
{"level":"info","component":"app","time":"2025-09-30T11:08:07.713085151Z","message":"shutdown successful"}
{"level":"debug","component":"app","evt":"loggers are successful setted","time":"2025-09-30T11:08:09.039705363Z"}
{"level":"debug","component":"app","time":"2025-09-30T11:08:09.549630821Z","message":"Init interfaces: Service, RSLAPI, Handler"}
{"level":"debug","component":"db","time":"2025-09-30T11:08:18.30191069Z","message":"ping ok"}
{"level":"debug","component":"db","time":"2025-09-30T11:08:28.307460311Z","message":"ping ok"}
{"level":"debug","component":"db","time":"2025-09-30T11:08:38.307871389Z","message":"ping ok"}
{"level":"debug","component":"db","time":"2025-09-30T11:08:46.992408402Z","message":"ping ok"}
{"level":"debug","component":"db","time":"2025-09-30T11:08:56.995928667Z","message":"ping ok"}
{"level":"debug","component":"db","time":"2025-09-30T11:09:06.99667815Z","message":"ping ok"}
{"level":"debug","component":"db","time":"2025-09-30T11:09:16.993017513Z","message":"ping ok"}
{"level":"debug","component":"db","time":"2025-09-30T11:09:25.694048359Z","message":"ping ok"}
{"level":"debug","component":"db","time":"2025-09-30T11:09:35.682708554Z","message":"ping ok"}
{"level":"debug","component":"db","time":"2025-09-30T11:09:45.681645639Z","message":"ping ok"}
{"level":"debug","component":"db","time":"2025-09-30T11:09:54.374972668Z","message":"ping ok"}
{"level":"debug","component":"db","time":"2025-09-30T11:10:04.368521306Z","message":"ping ok"}
{"level":"debug","component":"db","time":"2025-09-30T11:10:14.376804408Z","message":"ping ok"}
{"level":"debug","component":"db","time":"2025-09-30T11:10:23.073554436Z","message":"ping ok"}
{"level":"info","component":"app","time":"2025-09-30T11:10:32.844250063Z","message":"turning down the server"}
{"level":"info","component":"app","time":"2025-09-30T11:10:32.845011786Z","message":"shutdown successful"}
{"level":"debug","component":"app","evt":"loggers are successful setted","time":"2025-09-30T11:10:56.548196417Z"}
{"level":"debug","component":"app","time":"2025-09-30T11:10:57.053611877Z","message":"Init interfaces: Service, RSLAPI, Handler"}
{"level":"info","component":"app","time":"2025-09-30T11:11:35.835253283Z","message":"turning down the server"}
{"level":"info","component":"app","time":"2025-09-30T11:11:35.835995529Z","message":"shutdown successful"}
{"level":"debug","component":"app","evt":"loggers are successful setted","time":"2025-09-30T11:11:37.564662996Z"}
{"level":"debug","component":"app","time":"2025-09-30T11:11:38.229281344Z","message":"Init interfaces: Service, RSLAPI, Handler"}
{"level":"info","component":"app","time":"2025-09-30T11:12:23.689780008Z","message":"turning down the server"}
{"level":"info","component":"app","time":"2025-09-30T11:12:23.690634367Z","message":"shutdown successful"}
{"level":"debug","component":"app","evt":"loggers are successful setted","time":"2025-09-30T11:12:25.003825255Z"}
{"level":"debug","component":"app","time":"2025-09-30T11:12:25.505805166Z","message":"Init interfaces: Service, RSLAPI, Handler"}
{"level":"info","component":"app","time":"2025-09-30T11:13:04.180453769Z","message":"turning down the server"}
{"level":"info","component":"app","time":"2025-09-30T11:13:04.181084115Z","message":"shutdown successful"}
{"level":"debug","component":"app","evt":"loggers are successful setted","time":"2025-09-30T11:13:05.672809208Z"}
{"level":"debug","component":"app","time":"2025-09-30T11:13:06.176839499Z","message":"Init interfaces: Service, RSLAPI, Handler"}
{"level":"error","component":"srv","time":"2025-09-30T11:14:01.283757998Z","message":"bad format"}
{"level":"info","component":"app","time":"2025-09-30T11:14:26.599423447Z","message":"turning down the server"}
{"level":"info","component":"app","time":"2025-09-30T11:14:26.599987413Z","message":"shutdown successful"}
{"level":"debug","component":"app","evt":"loggers are successful setted","time":"2025-09-30T11:14:28.815089427Z"}
{"level":"debug","component":"app","time":"2025-09-30T11:14:29.322445949Z","message":"Init interfaces: Service, RSLAPI, Handler"}
{"level":"error","component":"srv","time":"2025-09-30T11:14:35.892567923Z","message":"bad format"}
{"level":"info","component":"app","time":"2025-09-30T11:15:01.034717035Z","message":"turning down the server"}
{"level":"info","component":"app","time":"2025-09-30T11:15:01.035222602Z","message":"shutdown successful"}
{"level":"debug","component":"app","evt":"loggers are successful setted","time":"2025-09-30T11:15:05.170858245Z"}
{"level":"debug","component":"app","time":"2025-09-30T11:15:05.680048804Z","message":"Init interfaces: Service, RSLAPI, Handler"}
{"level":"error","component":"srv","time":"2025-09-30T11:15:08.192379861Z","message":"bad format"}
{"level":"info","component":"srv","script":"SELECT * FROM rgd.2018_01_asdasd1;","time":"2025-09-30T11:15:13.501103992Z","message":"catch new script"}
{"level":"debug","component":"db","evt":"ExecQuery","Query":"SELECT * FROM rgd.2018_01_asdasd1;","time":"2025-09-30T11:15:13.501751586Z"}
{"level":"info","component":"srv","script":"SELECT * FROM oulad.courses;","time":"2025-09-30T11:15:55.299354165Z","message":"catch new script"}
{"level":"debug","component":"db","evt":"ExecQuery","Query":"SELECT * FROM oulad.courses;","time":"2025-09-30T11:15:55.300932144Z"}
{"level":"info","component":"srv","file_size":7532,"time":"2025-09-30T11:15:55.452970708Z","message":"PDF are successful created and sended"}
{"level":"info","component":"srv","script":"SELECT * FROM oulad.courses;","time":"2025-09-30T11:17:09.02155131Z","message":"catch new script"}
{"level":"debug","component":"db","evt":"ExecQuery","Query":"SELECT * FROM oulad.courses;","time":"2025-09-30T11:17:09.022380177Z"}
{"level":"info","component":"srv","file_size":7532,"time":"2025-09-30T11:17:09.102998502Z","message":"PDF are successful created and sended"}
{"level":"info","component":"srv","script":"SELECT * FROM oulad.caourses;","time":"2025-09-30T11:17:17.552988233Z","message":"catch new script"}
{"level":"debug","component":"db","evt":"ExecQuery","Query":"SELECT * FROM oulad.caourses;","time":"2025-09-30T11:17:17.555494003Z"}
{"level":"info","component":"srv","script":"SELECT * FROM oulad.courses;","time":"2025-09-30T11:17:49.586672276Z","message":"catch new script"}
{"level":"debug","component":"db","evt":"ExecQuery","Query":"SELECT * FROM oulad.courses;","time":"2025-09-30T11:17:49.587300532Z"}
{"level":"info","component":"srv","file_size":7532,"time":"2025-09-30T11:17:49.66435975Z","message":"PDF are successful created and sended"}
{"level":"error","component":"srv","time":"2025-09-30T11:17:57.552706579Z","message":"bad format"}
{"level":"error","component":"srv","time":"2025-09-30T11:18:02.59482387Z","message":"bad format"}
{"level":"info","component":"srv","script":"SELECT * FROM oulad.courses;","time":"2025-09-30T11:18:09.607413823Z","message":"catch new script"}
{"level":"debug","component":"db","evt":"ExecQuery","Query":"SELECT * FROM oulad.courses;","time":"2025-09-30T11:18:09.607897735Z"}
{"level":"info","component":"srv","file_size":7532,"time":"2025-09-30T11:18:09.685951932Z","message":"PDF are successful created and sended"}
{"level":"info","component":"srv","script":"SELECT * FROM oulad.courses;","time":"2025-09-30T11:18:21.136048607Z","message":"catch new script"}
{"level":"debug","component":"db","evt":"ExecQuery","Query":"SELECT * FROM oulad.courses;","time":"2025-09-30T11:18:21.136894438Z"}
{"level":"info","component":"srv","file_size":7532,"time":"2025-09-30T11:18:21.214345429Z","message":"PDF are successful created and sended"}
{"level":"error","component":"srv","time":"2025-09-30T11:18:26.894891166Z","message":"bad format"}
{"level":"error","component":"srv","time":"2025-09-30T11:18:33.954397313Z","message":"bad format"}
{"level":"info","component":"srv","script":"bad sql","time":"2025-09-30T11:19:40.418779739Z","message":"catch new script"}
{"level":"debug","component":"db","evt":"ExecQuery","Query":"bad sql","time":"2025-09-30T11:19:40.419363086Z"}
{"level":"info","component":"app","time":"2025-09-30T11:27:39.286735172Z","message":"turning down the server"}
{"level":"info","component":"app","time":"2025-09-30T11:27:39.287447651Z","message":"shutdown successful"}
{"level":"debug","component":"app","evt":"loggers are successful setted","time":"2025-09-30T11:28:10.626562509Z"}
{"level":"debug","component":"app","time":"2025-09-30T11:28:11.133110233Z","message":"Init interfaces: Service, RSLAPI, Handler"}
{"level":"info","component":"srv","script":"SELECT * FROM  rgd.\"2018_01_1\";","time":"2025-09-30T11:28:48.66462815Z","message":"catch new script"}
{"level":"debug","component":"db","evt":"ExecQuery","Query":"SELECT * FROM  rgd.\"2018_01_1\";","time":"2025-09-30T11:28:48.665177273Z"}
{"level":"debug","component":"db","time":"2025-09-30T11:28:49.822567635Z","message":"skip ping: busy"}
{"level":"debug","component":"db","time":"2025-09-30T11:28:58.52804475Z","message":"skip ping: busy"}
{"level":"debug","component":"db","time":"2025-09-30T11:29:08.528088322Z","message":"skip ping: busy"}
{"level":"debug","component":"db","time":"2025-09-30T11:29:18.527671875Z","message":"skip ping: busy"}
{"level":"debug","component":"db","time":"2025-09-30T11:29:27.192831449Z","message":"skip ping: busy"}
{"level":"debug","component":"db","time":"2025-09-30T11:29:37.193620004Z","message":"skip ping: busy"}
{"level":"debug","component":"db","time":"2025-09-30T11:29:47.192985836Z","message":"skip ping: busy"}
{"level":"debug","component":"db","time":"2025-09-30T11:29:55.864774826Z","message":"skip ping: busy"}
{"level":"debug","component":"db","time":"2025-09-30T11:30:05.865012479Z","message":"skip ping: busy"}
{"level":"debug","component":"db","time":"2025-09-30T11:30:15.865106415Z","message":"skip ping: busy"}
{"level":"debug","component":"db","time":"2025-09-30T11:30:24.557148242Z","message":"skip ping: busy"}
{"level":"info","component":"srv","file_size":121838189,"time":"2025-09-30T11:30:56.721550493Z","message":"PDF are successful created and sended"}
{"level":"info","component":"app","time":"2025-09-30T11:35:09.671358216Z","message":"turning down the server"}
{"level":"info","component":"app","time":"2025-09-30T11:35:09.67519634Z","message":"shutdown successful"}
{"level":"debug","component":"app","evt":"loggers are successful setted","time":"2025-09-30T11:35:26.761760782Z"}
{"level":"debug","component":"app","time":"2025-09-30T11:35:27.569186621Z","message":"Init interfaces: Service, RSLAPI, Handler"}
{"level":"info","component":"srv","script":"SELECT * FROM  oulad.courses;","time":"2025-09-30T11:35:45.54745395Z","message":"catch new script"}
{"level":"debug","component":"db","evt":"ExecQuery","Query":"SELECT * FROM  oulad.courses;","time":"2025-09-30T11:35:45.547781695Z"}
{"level":"info","component":"app","time":"2025-09-30T11:36:09.412584727Z","message":"turning down the server"}
{"level":"info","component":"app","time":"2025-09-30T11:36:09.413163807Z","message":"shutdown successful"}
{"level":"debug","component":"app","evt":"loggers are successful setted","time":"2025-09-30T11:36:11.178430405Z"}
{"level":"debug","component":"app","time":"2025-09-30T11:36:11.687637119Z","message":"Init interfaces: Service, RSLAPI, Handler"}
{"level":"info","component":"srv","script":"SELECT * FROM  oulad.courses;","time":"2025-09-30T11:36:15.369081572Z","message":"catch new script"}
{"level":"debug","component":"db","evt":"ExecQuery","Query":"SELECT * FROM  oulad.courses;","time":"2025-09-30T11:36:15.369823066Z"}
{"level":"info","component":"app","time":"2025-09-30T11:37:03.103964079Z","message":"turning down the server"}
{"level":"info","component":"app","time":"2025-09-30T11:37:03.105646177Z","message":"shutdown successful"}
{"level":"debug","component":"app","evt":"loggers are successful setted","time":"2025-09-30T11:37:07.171951198Z"}
{"level":"debug","component":"app","time":"2025-09-30T11:37:07.678246933Z","message":"Init interfaces: Service, RSLAPI, Handler"}
{"level":"info","component":"srv","script":"SELECT * FROM  oulad.courses;","time":"2025-09-30T11:37:07.751361793Z","message":"catch new script"}
{"level":"debug","component":"db","evt":"ExecQuery","Query":"SELECT * FROM  oulad.courses;","time":"2025-09-30T11:37:07.751941667Z"}
{"level":"info","component":"srv","file_size":7532,"time":"2025-09-30T11:37:07.900909978Z","message":"PDF are successful created and sended"}
{"level":"info","component":"app","time":"2025-09-30T11:37:42.347317719Z","message":"turning down the server"}
{"level":"info","component":"app","time":"2025-09-30T11:37:42.348313085Z","message":"shutdown successful"}
{"level":"debug","component":"app","evt":"loggers are successful setted","time":"2025-09-30T11:37:44.023921059Z"}
{"level":"debug","component":"app","time":"2025-09-30T11:37:44.527547055Z","message":"Init interfaces: Service, RSLAPI, Handler"}
{"level":"info","component":"srv","script":"SELECT * FROM  oulad.courses;","time":"2025-09-30T11:37:45.872046746Z","message":"catch new script"}
{"level":"debug","component":"db","evt":"ExecQuery","Query":"SELECT * FROM  oulad.courses;","time":"2025-09-30T11:37:45.872345192Z"}
{"level":"debug","component":"cnv","env":"call toPDF","time":"2025-09-30T11:37:46.016514676Z"}
{"level":"debug","component":"cnv","msg":"successful create PDF","time":"2025-09-30T11:37:46.021617894Z"}
{"level":"info","component":"srv","file_size":7532,"time":"2025-09-30T11:37:46.021910793Z","message":"PDF are successful created and sended"}
{"level":"info","component":"app","time":"2025-09-30T11:37:51.528725696Z","message":"turning down the server"}
{"level":"info","component":"app","time":"2025-09-30T11:37:51.529230315Z","message":"shutdown successful"}
